
************************************************************

CalculiX Version 2.23, Copyright(C) 1998-2025 Guido Dhondt
CalculiX comes with ABSOLUTELY NO WARRANTY. This is free
software, and you are welcome to redistribute it under
certain conditions, see gpl.htm

************************************************************

You are using an executable made on Fri Oct 24 20:12:25     2025

  The numbers below are estimated upper bounds

  number of:

   nodes:         5411
   elements:         2896
   one-dimensional elements:            0
   two-dimensional elements:            0
   integration points per element:            4
   degrees of freedom per node:            3
   layers per element:            1

   distributed facial loads:            0
   distributed volumetric loads:            0
   concentrated loads:           77
   single point constraints:          231
   multiple point constraints:            1
   terms in all multiple point constraints:            1
   tie constraints:            0
   dependent nodes tied by cyclic constraints:            0
   dependent nodes in pre-tension constraints:            0

   sets:            3
   terms in all sets:         5826

   materials:            1
   constants per material and temperature:            2
   temperature points per material:            1
   plastic data points per material:            0

   orientations:            0
   amplitudes:            2
   data points in all amplitudes:            2
   print requests:            2
   transformations:            0
   property cards:            0


 STEP            1

 Static analysis was selected

 Decascading the MPC's

 Determining the structure of the matrix:
 Using up to 1 cpu(s) for setting up the structure of the matrix.
 number of equations
 16002
 number of nonzero lower triangular matrix elements
 552357

 Using up to 1 cpu(s) for the stress calculation.

 Using up to 1 cpu(s) for the symmetric stiffness/mass contributions.

Not reusing csc.
IPARM_MIXED=1
globDouble=0
+-------------------------------------------------+
+     PaStiX : Parallel Sparse matriX package     +
+-------------------------------------------------+
  Version:                                   6.4.0
  Schedulers:
    sequential:                            Enabled
    thread static:                         Started
    thread dynamic:                       Disabled
    PaRSEC:                               Disabled
    StarPU:                               Disabled
  Number of MPI processes:                       1
  Number of threads per process:                 1
  Number of GPUs:                                0
  MPI communication support:              PastixMpiNone
  Distribution level:                     2D( 128)
  Blocking size (min/max):             1024 / 2048
  Computational models
    CPU:              AMD Opteron 6180 - Intel MKL
    GPU:             Nvidia K40 GK1108L - CUDA 8.0
  Low rank parameters:
    Strategy                        No compression

  Matrix type:  General
  Arithmetic:   Double
  Format:       CSC
  N:            16002
  nnz:          1120716

+-------------------------------------------------+
  Ordering subtask :
    Ordering method is: Scotch
    Time to compute ordering              8.585978e-02 s
+-------------------------------------------------+
  Symbolic factorization subtask:
    Symbol factorization using: Fax Direct
    Number of nonzeroes in L structure     3693105
    Fill-in of L                          3.295309
    Time to compute symbol matrix         3.958941e-03 s
+-------------------------------------------------+
  Reordering subtask:
    Split level                                  0
    Stoping criterion                           -1
    Time for reordering                   1.137614e-02 s
+-------------------------------------------------+
  Mapping/Scheduling subtask:
    Number of non-zeroes in blocked L      7386210
    Fill-in                               6.590617
    Number of operations in full-rank: LU        2.04 GFlops
    Prediction:
      Model                              AMD 6180  MKL
      Time to factorize                   5.074910e-01 s
    Time for mapping/scheduling           6.310940e-04 s
+-------------------------------------------------+
  Analyze task:
    Total time for analyze                1.061201e-01 s
+-------------------------------------------------+
  Factorization task:
    Factorization used: LU
    Time to initialize internal csc       7.047200e-02 s
    Time to initialize coeftab            1.386499e-02 s
    Time to factorize                     4.118395e-02 s (49.43 GFlop/s)
    Number of operations                       160.19 MFlops
    Number of static pivots                      0
    Memory usage of coeftab                       32.9 Mo
    Time to solve                         5.450010e-03 s
    - iteration 1 :
         total iteration time                   0.00544 s
         error                                  0.010953
    - iteration 2 :
         total iteration time                   0.00627 s
         error                                  0.00013634
    - iteration 3 :
         total iteration time                   0.00535 s
         error                                  1.2634e-06
    - iteration 4 :
         total iteration time                   0.00505 s
         error                                  7.3749e-09
    - iteration 5 :
         total iteration time                   0.00567 s
         error                                  5.2356e-11
    - iteration 6 :
         total iteration time                   0.00627 s
         error                                  4.7769e-13
    - iteration 7 :
         total iteration time                   0.00675 s
         error                                  1.7443e-11
    - iteration 8 :
         total iteration time                   0.00726 s
         error                                  4.2397e-13
    - iteration 9 :
         total iteration time                   0.00636 s
         error                                  2.7774e-11
    - iteration 10 :
         total iteration time                   0.0048 s
         error                                  6.2894e-13
    - iteration 11 :
         total iteration time                   0.00473 s
         error                                  1.9507e-11
    - iteration 12 :
         total iteration time                   0.00462 s
         error                                  4.6619e-13
    - iteration 13 :
         total iteration time                   0.00471 s
         error                                  3.6604e-11
    - iteration 14 :
         total iteration time                   0.00461 s
         error                                  8.9262e-13
    - iteration 15 :
         total iteration time                   0.00443 s
         error                                  5.3662e-12
    - iteration 16 :
         total iteration time                   0.00489 s
         error                                  1.2961e-13
    - iteration 17 :
         total iteration time                   0.00586 s
         error                                  3.5156e-12
    - iteration 18 :
         total iteration time                   0.0069 s
         error                                  7.3351e-14
    - iteration 19 :
         total iteration time                   0.00541 s
         error                                  1.836e-11
    - iteration 20 :
         total iteration time                   0.00486 s
         error                                  4.3817e-13
    - iteration 21 :
         total iteration time                   0.0049 s
         error                                  1.6714e-11
    - iteration 22 :
         total iteration time                   0.00494 s
         error                                  4.1219e-13
    - iteration 23 :
         total iteration time                   0.00473 s
         error                                  2.1779e-11
    - iteration 24 :
         total iteration time                   0.00456 s
         error                                  4.8072e-13
    - iteration 25 :
         total iteration time                   0.00516 s
         error                                  2.7529e-11
    - iteration 26 :
         total iteration time                   0.00452 s
         error                                  6.3951e-13
    - iteration 27 :
         total iteration time                   0.00443 s
         error                                  9.7553e-12
    - iteration 28 :
         total iteration time                   0.00453 s
         error                                  2.2347e-13
    - iteration 29 :
         total iteration time                   0.00475 s
         error                                  2.6591e-11
    - iteration 30 :
         total iteration time                   0.00466 s
         error                                  6.217e-13
    - iteration 31 :
         total iteration time                   0.00446 s
         error                                  1.9228e-11
    - iteration 32 :
         total iteration time                   0.00413 s
         error                                  4.482e-13
    - iteration 33 :
         total iteration time                   0.00412 s
         error                                  1.9604e-11
    - iteration 34 :
         total iteration time                   0.00467 s
         error                                  4.6143e-13
    - iteration 35 :
         total iteration time                   0.00435 s
         error                                  2.3594e-11
    - iteration 36 :
         total iteration time                   0.00426 s
         error                                  5.8657e-13
    - iteration 37 :
         total iteration time                   0.00439 s
         error                                  2.1812e-11
    - iteration 38 :
         total iteration time                   0.00445 s
         error                                  5.6618e-13
    - iteration 39 :
         total iteration time                   0.00434 s
         error                                  3.6332e-11
    - iteration 40 :
         total iteration time                   0.00525 s
         error                                  8.2147e-13
    - iteration 41 :
         total iteration time                   0.00448 s
         error                                  3.657e-11
    - iteration 42 :
         total iteration time                   0.0043 s
         error                                  8.1171e-13
    - iteration 43 :
         total iteration time                   0.00435 s
         error                                  2.5687e-11
    - iteration 44 :
         total iteration time                   0.00623 s
         error                                  5.8376e-13
    - iteration 45 :
         total iteration time                   0.00456 s
         error                                  2.0834e-11
    - iteration 46 :
         total iteration time                   0.00439 s
         error                                  5.1017e-13
    - iteration 47 :
         total iteration time                   0.00457 s
         error                                  5.7327e-12
    - iteration 48 :
         total iteration time                   0.0044 s
         error                                  1.5213e-13
    - iteration 49 :
         total iteration time                   0.00429 s
         error                                  9.4517e-12
    - iteration 50 :
         total iteration time                   0.00441 s
         error                                  2.383e-13
    Time for refinement                   2.673938e-01 s
________________________________________

CSC Conversion Time: 0.006805
Init Time: 0.143902
Factorize Time: 0.126981
Solve Time: 0.273214
Clean up Time: 0.000000
---------------------------------
Sum: 0.550903

Total PaStiX Time: 0.550903
CCX without PaStiX Time: 0.332727
Share of PaStiX Time: 0.623455
Total Time: 0.883629
Reusability: 0 : 1 
________________________________________

 Using up to 1 cpu(s) for the stress calculation.


 Job finished

________________________________________

Total CalculiX Time: 0.900800
________________________________________
