
************************************************************

CalculiX Version 2.23, Copyright(C) 1998-2025 Guido Dhondt
CalculiX comes with ABSOLUTELY NO WARRANTY. This is free
software, and you are welcome to redistribute it under
certain conditions, see gpl.htm

************************************************************

You are using an executable made on Fri Oct 24 20:12:25     2025

  The numbers below are estimated upper bounds

  number of:

   nodes:         2253
   elements:         1065
   one-dimensional elements:            0
   two-dimensional elements:            0
   integration points per element:            4
   degrees of freedom per node:            3
   layers per element:            1

   distributed facial loads:            0
   distributed volumetric loads:            0
   concentrated loads:           49
   single point constraints:          147
   multiple point constraints:            1
   terms in all multiple point constraints:            1
   tie constraints:            0
   dependent nodes tied by cyclic constraints:            0
   dependent nodes in pre-tension constraints:            0

   sets:            3
   terms in all sets:         2156

   materials:            1
   constants per material and temperature:            2
   temperature points per material:            1
   plastic data points per material:            0

   orientations:            0
   amplitudes:            2
   data points in all amplitudes:            2
   print requests:            2
   transformations:            0
   property cards:            0


 STEP            1

 Static analysis was selected

 Decascading the MPC's

 Determining the structure of the matrix:
 Using up to 1 cpu(s) for setting up the structure of the matrix.
 number of equations
 6612
 number of nonzero lower triangular matrix elements
 211659

 Using up to 1 cpu(s) for the stress calculation.

 Using up to 1 cpu(s) for the symmetric stiffness/mass contributions.

Not reusing csc.
IPARM_MIXED=1
globDouble=0
+-------------------------------------------------+
+     PaStiX : Parallel Sparse matriX package     +
+-------------------------------------------------+
  Version:                                   6.4.0
  Schedulers:
    sequential:                            Enabled
    thread static:                         Started
    thread dynamic:                       Disabled
    PaRSEC:                               Disabled
    StarPU:                               Disabled
  Number of MPI processes:                       1
  Number of threads per process:                 1
  Number of GPUs:                                0
  MPI communication support:              PastixMpiNone
  Distribution level:                     2D( 128)
  Blocking size (min/max):             1024 / 2048
  Computational models
    CPU:              AMD Opteron 6180 - Intel MKL
    GPU:             Nvidia K40 GK1108L - CUDA 8.0
  Low rank parameters:
    Strategy                        No compression

  Matrix type:  General
  Arithmetic:   Double
  Format:       CSC
  N:            6612
  nnz:          429930

+-------------------------------------------------+
  Ordering subtask :
    Ordering method is: Scotch
    Time to compute ordering              2.077198e-02 s
+-------------------------------------------------+
  Symbolic factorization subtask:
    Symbol factorization using: Fax Direct
    Number of nonzeroes in L structure     1025007
    Fill-in of L                          2.384125
    Time to compute symbol matrix         1.450062e-03 s
+-------------------------------------------------+
  Reordering subtask:
    Split level                                  0
    Stoping criterion                           -1
    Time for reordering                   3.957987e-03 s
+-------------------------------------------------+
  Mapping/Scheduling subtask:
    Number of non-zeroes in blocked L      2050014
    Fill-in                               4.768251
    Number of operations in full-rank: LU       364.26 MFlops
    Prediction:
      Model                              AMD 6180  MKL
      Time to factorize                   1.164972e-01 s
    Time for mapping/scheduling           2.698898e-04 s
+-------------------------------------------------+
  Analyze task:
    Total time for analyze                2.810097e-02 s
+-------------------------------------------------+
  Factorization task:
    Factorization used: LU
    Time to initialize internal csc       2.401209e-02 s
    Time to initialize coeftab            4.673004e-03 s
    Time to factorize                     8.616924e-03 s (41.28 GFlop/s)
    Number of operations                       95.10 MFlops
    Number of static pivots                      0
    Memory usage of coeftab                       9.32 Mo
    Time to solve                         1.059055e-03 s
    - iteration 1 :
         total iteration time                   0.00131 s
         error                                  0.016609
    - iteration 2 :
         total iteration time                   0.00121 s
         error                                  0.00048166
    - iteration 3 :
         total iteration time                   0.00116 s
         error                                  7.4952e-06
    - iteration 4 :
         total iteration time                   0.00116 s
         error                                  9.2076e-08
    - iteration 5 :
         total iteration time                   0.00117 s
         error                                  1.161e-09
    - iteration 6 :
         total iteration time                   0.00123 s
         error                                  1.1687e-11
    - iteration 7 :
         total iteration time                   0.0012 s
         error                                  7.7815e-14
    - iteration 8 :
         total iteration time                   0.00112 s
         error                                  4.0175e-12
    - iteration 9 :
         total iteration time                   0.00112 s
         error                                  2.4081e-13
    - iteration 10 :
         total iteration time                   0.00112 s
         error                                  1.3073e-12
    - iteration 11 :
         total iteration time                   0.00145 s
         error                                  7.9413e-14
    - iteration 12 :
         total iteration time                   0.00115 s
         error                                  8.9887e-13
    - iteration 13 :
         total iteration time                   0.00116 s
         error                                  1.4394e-11
    - iteration 14 :
         total iteration time                   0.00114 s
         error                                  8.7308e-13
    - iteration 15 :
         total iteration time                   0.00115 s
         error                                  6.7044e-12
    - iteration 16 :
         total iteration time                   0.00114 s
         error                                  4.0465e-13
    - iteration 17 :
         total iteration time                   0.00127 s
         error                                  1.2158e-11
    - iteration 18 :
         total iteration time                   0.0012 s
         error                                  8.1967e-13
    - iteration 19 :
         total iteration time                   0.00113 s
         error                                  1.4229e-12
    - iteration 20 :
         total iteration time                   0.00114 s
         error                                  9.5845e-14
    - iteration 21 :
         total iteration time                   0.00112 s
         error                                  9.4206e-12
    - iteration 22 :
         total iteration time                   0.00155 s
         error                                  6.4233e-13
    - iteration 23 :
         total iteration time                   0.00117 s
         error                                  1.0806e-11
    - iteration 24 :
         total iteration time                   0.00114 s
         error                                  7.0149e-13
    - iteration 25 :
         total iteration time                   0.00112 s
         error                                  7.4923e-12
    - iteration 26 :
         total iteration time                   0.00112 s
         error                                  4.5556e-13
    - iteration 27 :
         total iteration time                   0.00112 s
         error                                  9.8582e-12
    - iteration 28 :
         total iteration time                   0.00112 s
         error                                  6.3636e-13
    - iteration 29 :
         total iteration time                   0.00111 s
         error                                  1.5015e-11
    - iteration 30 :
         total iteration time                   0.00111 s
         error                                  9.9614e-13
    - iteration 31 :
         total iteration time                   0.00111 s
         error                                  3.6539e-12
    - iteration 32 :
         total iteration time                   0.00112 s
         error                                  2.4546e-13
    - iteration 33 :
         total iteration time                   0.00114 s
         error                                  3.4927e-12
    - iteration 34 :
         total iteration time                   0.00116 s
         error                                  2.2028e-13
    - iteration 35 :
         total iteration time                   0.00115 s
         error                                  7.7777e-12
    - iteration 36 :
         total iteration time                   0.00112 s
         error                                  4.7992e-13
    - iteration 37 :
         total iteration time                   0.00111 s
         error                                  9.7592e-12
    - iteration 38 :
         total iteration time                   0.00113 s
         error                                  6.0537e-13
    - iteration 39 :
         total iteration time                   0.00116 s
         error                                  2.4581e-11
    - iteration 40 :
         total iteration time                   0.00113 s
         error                                  1.5893e-12
    - iteration 41 :
         total iteration time                   0.00112 s
         error                                  4.4665e-14
    - iteration 42 :
         total iteration time                   0.00111 s
         error                                  1.8584e-11
    - iteration 43 :
         total iteration time                   0.00112 s
         error                                  1.1335e-12
    - iteration 44 :
         total iteration time                   0.00115 s
         error                                  2.9293e-14
    - iteration 45 :
         total iteration time                   0.00112 s
         error                                  2.4263e-11
    - iteration 46 :
         total iteration time                   0.00112 s
         error                                  1.6553e-12
    - iteration 47 :
         total iteration time                   0.00114 s
         error                                  4.576e-14
    - iteration 48 :
         total iteration time                   0.00117 s
         error                                  2.3332e-11
    - iteration 49 :
         total iteration time                   0.00116 s
         error                                  1.5153e-12
    - iteration 50 :
         total iteration time                   0.00113 s
         error                                  3.8613e-14
    Time for refinement                   6.412601e-02 s
________________________________________

CSC Conversion Time: 0.002420
Init Time: 0.029063
Factorize Time: 0.037864
Solve Time: 0.065324
Clean up Time: 0.000000
---------------------------------
Sum: 0.134670

Total PaStiX Time: 0.134670
CCX without PaStiX Time: 0.131360
Share of PaStiX Time: 0.506221
Total Time: 0.266030
Reusability: 0 : 1 
________________________________________

 Using up to 1 cpu(s) for the stress calculation.


 Job finished

________________________________________

Total CalculiX Time: 0.278374
________________________________________
