
************************************************************

CalculiX Version 2.23, Copyright(C) 1998-2025 Guido Dhondt
CalculiX comes with ABSOLUTELY NO WARRANTY. This is free
software, and you are welcome to redistribute it under
certain conditions, see gpl.htm

************************************************************

You are using an executable made on Fri Oct 24 20:12:25     2025

  The numbers below are estimated upper bounds

  number of:

   nodes:        14042
   elements:         8040
   one-dimensional elements:            0
   two-dimensional elements:            0
   integration points per element:            4
   degrees of freedom per node:            3
   layers per element:            1

   distributed facial loads:            0
   distributed volumetric loads:            0
   concentrated loads:          173
   single point constraints:          519
   multiple point constraints:            1
   terms in all multiple point constraints:            1
   tie constraints:            0
   dependent nodes tied by cyclic constraints:            0
   dependent nodes in pre-tension constraints:            0

   sets:            3
   terms in all sets:        16130

   materials:            1
   constants per material and temperature:            2
   temperature points per material:            1
   plastic data points per material:            0

   orientations:            0
   amplitudes:            2
   data points in all amplitudes:            2
   print requests:            2
   transformations:            0
   property cards:            0


 STEP            1

 Static analysis was selected

 Decascading the MPC's

 Determining the structure of the matrix:
 Using up to 1 cpu(s) for setting up the structure of the matrix.
 number of equations
 41607
 number of nonzero lower triangular matrix elements
 1497213

 Using up to 1 cpu(s) for the stress calculation.

 Using up to 1 cpu(s) for the symmetric stiffness/mass contributions.

Not reusing csc.
IPARM_MIXED=1
globDouble=0
+-------------------------------------------------+
+     PaStiX : Parallel Sparse matriX package     +
+-------------------------------------------------+
  Version:                                   6.4.0
  Schedulers:
    sequential:                            Enabled
    thread static:                         Started
    thread dynamic:                       Disabled
    PaRSEC:                               Disabled
    StarPU:                               Disabled
  Number of MPI processes:                       1
  Number of threads per process:                 1
  Number of GPUs:                                0
  MPI communication support:              PastixMpiNone
  Distribution level:                     2D( 128)
  Blocking size (min/max):             1024 / 2048
  Computational models
    CPU:              AMD Opteron 6180 - Intel MKL
    GPU:             Nvidia K40 GK1108L - CUDA 8.0
  Low rank parameters:
    Strategy                        No compression

  Matrix type:  General
  Arithmetic:   Double
  Format:       CSC
  N:            41607
  nnz:          3036033

+-------------------------------------------------+
  Ordering subtask :
    Ordering method is: Scotch
    Time to compute ordering              2.387629e-01 s
+-------------------------------------------------+
  Symbolic factorization subtask:
    Symbol factorization using: Fax Direct
    Number of nonzeroes in L structure    13550274
    Fill-in of L                          4.463151
    Time to compute symbol matrix         9.673834e-03 s
+-------------------------------------------------+
  Reordering subtask:
    Split level                                  0
    Stoping criterion                           -1
    Time for reordering                   3.573895e-02 s
+-------------------------------------------------+
  Mapping/Scheduling subtask:
    Number of non-zeroes in blocked L     27100548
    Fill-in                               8.926302
    Number of operations in full-rank: LU       11.61 GFlops
    Prediction:
      Model                              AMD 6180  MKL
      Time to factorize                   2.467033e+00 s
    Time for mapping/scheduling           1.558065e-03 s
+-------------------------------------------------+
  Analyze task:
    Total time for analyze                2.976358e-01 s
+-------------------------------------------------+
  Factorization task:
    Factorization used: LU
    Time to initialize internal csc       1.866479e-01 s
    Time to initialize coeftab            4.427791e-02 s
    Time to factorize                     1.946480e-01 s (59.65 GFlop/s)
    Number of operations                       -728597971.00  Flops
    Number of static pivots                      0
    Memory usage of coeftab                        119 Mo
    Time to solve                         1.597381e-02 s
    - iteration 1 :
         total iteration time                   0.0177 s
         error                                  0.15695
    - iteration 2 :
         total iteration time                   0.0177 s
         error                                  0.015274
    - iteration 3 :
         total iteration time                   0.0176 s
         error                                  0.00081787
    - iteration 4 :
         total iteration time                   0.0172 s
         error                                  3.1822e-05
    - iteration 5 :
         total iteration time                   0.0174 s
         error                                  9.3094e-07
    - iteration 6 :
         total iteration time                   0.0176 s
         error                                  2.9275e-08
    - iteration 7 :
         total iteration time                   0.0168 s
         error                                  8.3474e-10
    - iteration 8 :
         total iteration time                   0.0187 s
         error                                  2.1049e-11
    - iteration 9 :
         total iteration time                   0.0178 s
         error                                  2.6954e-13
    - iteration 10 :
         total iteration time                   0.0186 s
         error                                  6.1213e-11
    - iteration 11 :
         total iteration time                   0.0243 s
         error                                  1.1868e-11
    - iteration 12 :
         total iteration time                   0.0219 s
         error                                  1.088e-12
    - iteration 13 :
         total iteration time                   0.0193 s
         error                                  6.1005e-14
    - iteration 14 :
         total iteration time                   0.018 s
         error                                  8.8904e-11
    - iteration 15 :
         total iteration time                   0.0189 s
         error                                  1.7992e-11
    - iteration 16 :
         total iteration time                   0.02 s
         error                                  1.5839e-12
    - iteration 17 :
         total iteration time                   0.0187 s
         error                                  8.8516e-14
    - iteration 18 :
         total iteration time                   0.0191 s
         error                                  5.1752e-11
    - iteration 19 :
         total iteration time                   0.0208 s
         error                                  1.0105e-11
    - iteration 20 :
         total iteration time                   0.0204 s
         error                                  9.831e-13
    - iteration 21 :
         total iteration time                   0.0214 s
         error                                  7.0772e-11
    - iteration 22 :
         total iteration time                   0.0197 s
         error                                  1.4219e-11
    - iteration 23 :
         total iteration time                   0.0243 s
         error                                  1.2068e-12
    - iteration 24 :
         total iteration time                   0.0206 s
         error                                  6.7249e-14
    - iteration 25 :
         total iteration time                   0.019 s
         error                                  9.9971e-11
    - iteration 26 :
         total iteration time                   0.0192 s
         error                                  2.0036e-11
    - iteration 27 :
         total iteration time                   0.0182 s
         error                                  1.9444e-12
    - iteration 28 :
         total iteration time                   0.0185 s
         error                                  1.1063e-13
    - iteration 29 :
         total iteration time                   0.0226 s
         error                                  7.4466e-11
    - iteration 30 :
         total iteration time                   0.0199 s
         error                                  1.5349e-11
    - iteration 31 :
         total iteration time                   0.0183 s
         error                                  1.3653e-12
    - iteration 32 :
         total iteration time                   0.0231 s
         error                                  8.3882e-14
    - iteration 33 :
         total iteration time                   0.0178 s
         error                                  2.5675e-11
    - iteration 34 :
         total iteration time                   0.0174 s
         error                                  5.1301e-12
    - iteration 35 :
         total iteration time                   0.0168 s
         error                                  4.2528e-13
    - iteration 36 :
         total iteration time                   0.0182 s
         error                                  1.1718e-11
    - iteration 37 :
         total iteration time                   0.0168 s
         error                                  2.3603e-12
    - iteration 38 :
         total iteration time                   0.0168 s
         error                                  2.022e-13
    - iteration 39 :
         total iteration time                   0.0184 s
         error                                  3.9045e-11
    - iteration 40 :
         total iteration time                   0.0177 s
         error                                  7.6776e-12
    - iteration 41 :
         total iteration time                   0.0176 s
         error                                  7.0355e-13
    - iteration 42 :
         total iteration time                   0.0165 s
         error                                  2.7904e-12
    - iteration 43 :
         total iteration time                   0.0163 s
         error                                  4.9574e-13
    - iteration 44 :
         total iteration time                   0.0168 s
         error                                  2.3295e-11
    - iteration 45 :
         total iteration time                   0.0171 s
         error                                  4.4823e-12
    - iteration 46 :
         total iteration time                   0.0185 s
         error                                  4.4704e-13
    - iteration 47 :
         total iteration time                   0.0182 s
         error                                  7.6255e-12
    - iteration 48 :
         total iteration time                   0.0188 s
         error                                  1.5158e-12
    - iteration 49 :
         total iteration time                   0.0175 s
         error                                  1.3577e-13
    - iteration 50 :
         total iteration time                   0.0192 s
         error                                  4.9846e-11
    Time for refinement                   9.740751e-01 s
________________________________________

CSC Conversion Time: 0.018745
Init Time: 0.303164
Factorize Time: 0.429165
Solve Time: 0.991381
Clean up Time: 0.000000
---------------------------------
Sum: 1.742456

Total PaStiX Time: 1.742456
CCX without PaStiX Time: 0.814323
Share of PaStiX Time: 0.681504
Total Time: 2.556779
Reusability: 0 : 1 
________________________________________

 Using up to 1 cpu(s) for the stress calculation.


 Job finished

________________________________________

Total CalculiX Time: 2.599938
________________________________________
